../Drivers/STM32H7xx_HAL_Driver/Src/stm32h7xx_hal_eth.c:314:19:HAL_ETH_Init	24	static
../Drivers/STM32H7xx_HAL_Driver/Src/stm32h7xx_hal_eth.c:440:19:HAL_ETH_DeInit	16	static
../Drivers/STM32H7xx_HAL_Driver/Src/stm32h7xx_hal_eth.c:473:13:HAL_ETH_MspInit	16	static
../Drivers/STM32H7xx_HAL_Driver/Src/stm32h7xx_hal_eth.c:488:13:HAL_ETH_MspDeInit	16	static
../Drivers/STM32H7xx_HAL_Driver/Src/stm32h7xx_hal_eth.c:723:19:HAL_ETH_Start	16	static
../Drivers/STM32H7xx_HAL_Driver/Src/stm32h7xx_hal_eth.c:769:19:HAL_ETH_Start_IT	16	static
../Drivers/STM32H7xx_HAL_Driver/Src/stm32h7xx_hal_eth.c:825:19:HAL_ETH_Stop	16	static
../Drivers/STM32H7xx_HAL_Driver/Src/stm32h7xx_hal_eth.c:864:19:HAL_ETH_Stop_IT	24	static
../Drivers/STM32H7xx_HAL_Driver/Src/stm32h7xx_hal_eth.c:925:19:HAL_ETH_Transmit	32	static,ignoring_inline_asm
../Drivers/STM32H7xx_HAL_Driver/Src/stm32h7xx_hal_eth.c:1000:19:HAL_ETH_Transmit_IT	16	static,ignoring_inline_asm
../Drivers/STM32H7xx_HAL_Driver/Src/stm32h7xx_hal_eth.c:1046:19:HAL_ETH_ReadData	48	static
../Drivers/STM32H7xx_HAL_Driver/Src/stm32h7xx_hal_eth.c:1170:13:ETH_UpdateDescriptor	40	static,ignoring_inline_asm
../Drivers/STM32H7xx_HAL_Driver/Src/stm32h7xx_hal_eth.c:1255:19:HAL_ETH_RegisterRxAllocateCallback	16	static
../Drivers/STM32H7xx_HAL_Driver/Src/stm32h7xx_hal_eth.c:1276:19:HAL_ETH_UnRegisterRxAllocateCallback	16	static
../Drivers/STM32H7xx_HAL_Driver/Src/stm32h7xx_hal_eth.c:1289:13:HAL_ETH_RxAllocateCallback	16	static
../Drivers/STM32H7xx_HAL_Driver/Src/stm32h7xx_hal_eth.c:1306:13:HAL_ETH_RxLinkCallback	24	static
../Drivers/STM32H7xx_HAL_Driver/Src/stm32h7xx_hal_eth.c:1325:19:HAL_ETH_RegisterRxLinkCallback	16	static
../Drivers/STM32H7xx_HAL_Driver/Src/stm32h7xx_hal_eth.c:1345:19:HAL_ETH_UnRegisterRxLinkCallback	16	static
../Drivers/STM32H7xx_HAL_Driver/Src/stm32h7xx_hal_eth.c:1360:19:HAL_ETH_GetRxDataErrorCode	16	static
../Drivers/STM32H7xx_HAL_Driver/Src/stm32h7xx_hal_eth.c:1375:19:HAL_ETH_RegisterTxFreeCallback	16	static
../Drivers/STM32H7xx_HAL_Driver/Src/stm32h7xx_hal_eth.c:1395:19:HAL_ETH_UnRegisterTxFreeCallback	16	static
../Drivers/STM32H7xx_HAL_Driver/Src/stm32h7xx_hal_eth.c:1408:13:HAL_ETH_TxFreeCallback	16	static
../Drivers/STM32H7xx_HAL_Driver/Src/stm32h7xx_hal_eth.c:1423:19:HAL_ETH_ReleaseTxPacket	32	static
../Drivers/STM32H7xx_HAL_Driver/Src/stm32h7xx_hal_eth.c:1934:6:HAL_ETH_IRQHandler	32	static
../Drivers/STM32H7xx_HAL_Driver/Src/stm32h7xx_hal_eth.c:2120:13:HAL_ETH_TxCpltCallback	16	static
../Drivers/STM32H7xx_HAL_Driver/Src/stm32h7xx_hal_eth.c:2135:13:HAL_ETH_RxCpltCallback	16	static
../Drivers/STM32H7xx_HAL_Driver/Src/stm32h7xx_hal_eth.c:2150:13:HAL_ETH_ErrorCallback	16	static
../Drivers/STM32H7xx_HAL_Driver/Src/stm32h7xx_hal_eth.c:2165:13:HAL_ETH_PMTCallback	16	static
../Drivers/STM32H7xx_HAL_Driver/Src/stm32h7xx_hal_eth.c:2180:13:HAL_ETH_EEECallback	16	static
../Drivers/STM32H7xx_HAL_Driver/Src/stm32h7xx_hal_eth.c:2195:13:HAL_ETH_WakeUpCallback	16	static
../Drivers/STM32H7xx_HAL_Driver/Src/stm32h7xx_hal_eth.c:2213:19:HAL_ETH_ReadPHYRegister	32	static
../Drivers/STM32H7xx_HAL_Driver/Src/stm32h7xx_hal_eth.c:2268:19:HAL_ETH_WritePHYRegister	32	static
../Drivers/STM32H7xx_HAL_Driver/Src/stm32h7xx_hal_eth.c:2340:19:HAL_ETH_GetMACConfig	16	static
../Drivers/STM32H7xx_HAL_Driver/Src/stm32h7xx_hal_eth.c:2412:19:HAL_ETH_GetDMAConfig	16	static
../Drivers/STM32H7xx_HAL_Driver/Src/stm32h7xx_hal_eth.c:2446:19:HAL_ETH_SetMACConfig	16	static
../Drivers/STM32H7xx_HAL_Driver/Src/stm32h7xx_hal_eth.c:2473:19:HAL_ETH_SetDMAConfig	16	static
../Drivers/STM32H7xx_HAL_Driver/Src/stm32h7xx_hal_eth.c:2498:6:HAL_ETH_SetMDIOClockRange	24	static
../Drivers/STM32H7xx_HAL_Driver/Src/stm32h7xx_hal_eth.c:2556:19:HAL_ETH_SetMACFilterConfig	24	static
../Drivers/STM32H7xx_HAL_Driver/Src/stm32h7xx_hal_eth.c:2590:19:HAL_ETH_GetMACFilterConfig	16	static
../Drivers/STM32H7xx_HAL_Driver/Src/stm32h7xx_hal_eth.c:2627:19:HAL_ETH_SetSourceMACAddrMatch	32	static
../Drivers/STM32H7xx_HAL_Driver/Src/stm32h7xx_hal_eth.c:2663:19:HAL_ETH_SetHashTable	16	static
../Drivers/STM32H7xx_HAL_Driver/Src/stm32h7xx_hal_eth.c:2685:6:HAL_ETH_SetRxVLANIdentifier	24	static
../Drivers/STM32H7xx_HAL_Driver/Src/stm32h7xx_hal_eth.c:2707:6:HAL_ETH_EnterPowerDownMode	24	static
../Drivers/STM32H7xx_HAL_Driver/Src/stm32h7xx_hal_eth.c:2729:6:HAL_ETH_ExitPowerDownMode	16	static
../Drivers/STM32H7xx_HAL_Driver/Src/stm32h7xx_hal_eth.c:2753:19:HAL_ETH_SetWakeUpFilter	32	static
../Drivers/STM32H7xx_HAL_Driver/Src/stm32h7xx_hal_eth.c:2802:22:HAL_ETH_GetState	16	static
../Drivers/STM32H7xx_HAL_Driver/Src/stm32h7xx_hal_eth.c:2813:10:HAL_ETH_GetError	16	static
../Drivers/STM32H7xx_HAL_Driver/Src/stm32h7xx_hal_eth.c:2824:10:HAL_ETH_GetDMAError	16	static
../Drivers/STM32H7xx_HAL_Driver/Src/stm32h7xx_hal_eth.c:2835:10:HAL_ETH_GetMACError	16	static
../Drivers/STM32H7xx_HAL_Driver/Src/stm32h7xx_hal_eth.c:2846:10:HAL_ETH_GetMACWakeUpSource	16	static
../Drivers/STM32H7xx_HAL_Driver/Src/stm32h7xx_hal_eth.c:2857:10:HAL_ETH_GetTxBuffersNumber	16	static
../Drivers/STM32H7xx_HAL_Driver/Src/stm32h7xx_hal_eth.c:2873:13:ETH_SetMACConfig	24	static
../Drivers/STM32H7xx_HAL_Driver/Src/stm32h7xx_hal_eth.c:2950:13:ETH_SetDMAConfig	24	static
../Drivers/STM32H7xx_HAL_Driver/Src/stm32h7xx_hal_eth.c:2991:13:ETH_MACDMAConfig	152	static
../Drivers/STM32H7xx_HAL_Driver/Src/stm32h7xx_hal_eth.c:3064:13:ETH_DMATxDescListInit	24	static
../Drivers/STM32H7xx_HAL_Driver/Src/stm32h7xx_hal_eth.c:3102:13:ETH_DMARxDescListInit	24	static
../Drivers/STM32H7xx_HAL_Driver/Src/stm32h7xx_hal_eth.c:3148:17:ETH_Prepare_Tx_Descriptors	72	static,ignoring_inline_asm
