../Core/Src/main.c:89:6:print_stm32_arp_table	56	static
../Core/Src/main.c:122:13:ping_recv_cb	40	static
../Core/Src/main.c:137:13:ping_send_to_pc	40	static
../Core/Src/main.c:176:5:main	16	static
../Core/Src/main.c:284:6:SystemClock_Config	120	static
../Core/Src/main.c:344:13:MX_FDCAN1_Init	8	static
../Core/Src/main.c:397:13:MX_TIM6_Init	24	static
../Core/Src/main.c:435:13:MX_USART2_UART_Init	8	static
../Core/Src/main.c:483:13:MX_USART3_UART_Init	8	static
../Core/Src/main.c:531:13:MX_GPIO_Init	32	static
../Core/Src/main.c:555:6:MPU_Config	24	static
../Core/Src/main.c:586:6:Error_Handler	4	static,ignoring_inline_asm
