../Core/Src/stm32h7xx_it.c:58:13:fault_dump	40	static
../Core/Src/stm32h7xx_it.c:142:6:NMI_Handler	4	static
../Core/Src/stm32h7xx_it.c:157:29:HardFault_Handler	0	static,ignoring_inline_asm
../Core/Src/stm32h7xx_it.c:175:29:MemManage_Handler	0	static,ignoring_inline_asm
../Core/Src/stm32h7xx_it.c:193:29:BusFault_Handler	0	static,ignoring_inline_asm
../Core/Src/stm32h7xx_it.c:211:29:UsageFault_Handler	0	static,ignoring_inline_asm
../Core/Src/stm32h7xx_it.c:229:6:SVC_Handler	4	static
../Core/Src/stm32h7xx_it.c:242:6:DebugMon_Handler	4	static
../Core/Src/stm32h7xx_it.c:255:6:PendSV_Handler	4	static
../Core/Src/stm32h7xx_it.c:268:6:SysTick_Handler	8	static
../Core/Src/stm32h7xx_it.c:289:6:USART2_IRQHandler	8	static
../Core/Src/stm32h7xx_it.c:303:6:TIM6_DAC_IRQHandler	8	static
